[allreview.webflow.io/index.html]
[backblue.gif]
[fade.gif]
[index.html]
[allreview.webflow.io/index.html]
[allreview.webflow.io/features]
[allreview.webflow.io/integrations]
[allreview.webflow.io/about]
[allreview.webflow.io/pricing]
[allreview.webflow.io/blog]
[allreview.webflow.io/contact]
[allreview.webflow.io/pricing-older]
[allreview.webflow.io/utility-pages/start-here]
[allreview.webflow.io/utility-pages/styleguide]
[allreview.webflow.io/agb]
[allreview.webflow.io/utility-pages/changelog]
[allreview.webflow.io/checkout]
[allreview.webflow.io/login]
[allreview.webflow.io/integration/amazon]
[allreview.webflow.io/integration/ebay]
[allreview.webflow.io/integration/google]
[allreview.webflow.io/post/web-analytics-benefits-for-successful-seo]
[allreview.webflow.io/post/mobile-seo-vs-dekstop-seo]
[allreview.webflow.io/post/the-best-seo-practices-on-2021]
[allreview.webflow.io/impressum]
[allreview.webflow.io/datenschutz]
[allreview.webflow.io/zahlung-und-versand]
[allreview.webflow.io/widerrufsrecht]
