[allreview.webflow.io/index.html]
[backblue.gif]
[fade.gif]
[index.html]
[allreview.webflow.io/features.html]
[allreview.webflow.io/integrations.html]
[allreview.webflow.io/about.html]
[allreview.webflow.io/pricing.html]
[allreview.webflow.io/blog.html]
[allreview.webflow.io/contact.html]
[allreview.webflow.io/pricing-older.html]
[allreview.webflow.io/utility-pages/start-here.html]
[allreview.webflow.io/utility-pages/styleguide.html]
[allreview.webflow.io/agb.html]
[allreview.webflow.io/utility-pages/changelog.html]
[allreview.webflow.io/checkout.html]
[allreview.webflow.io/login.html]
[allreview.webflow.io/integration/amazon.html]
[allreview.webflow.io/integration/ebay.html]
[allreview.webflow.io/integration/google.html]
[allreview.webflow.io/post/web-analytics-benefits-for-successful-seo.html]
[allreview.webflow.io/post/mobile-seo-vs-dekstop-seo.html]
[allreview.webflow.io/post/the-best-seo-practices-on-2021.html]
[allreview.webflow.io/impressum.html]
[allreview.webflow.io/zahlung-und-versand.html]
[allreview.webflow.io/widerrufsrecht.html]
[allreview.webflow.io/index.html]
[allreview.webflow.io/features.html]
[allreview.webflow.io/integration-category/e-commerce.html]
[allreview.webflow.io/integration-category/communcation.html]
[allreview.webflow.io/integration-category/blogging.html]
[allreview.webflow.io/integration-category/social-network.html]
[allreview.webflow.io/integration/instagram.html]
[allreview.webflow.io/integration/messenger.html]
[allreview.webflow.io/integrations.html]
[allreview.webflow.io/team/omer-hakan-olcer.html]
[allreview.webflow.io/team/john-carter.html]
[allreview.webflow.io/team/amy-smith.html]
[allreview.webflow.io/team/will-newt.html]
[allreview.webflow.io/team/alex-carter.html]
[allreview.webflow.io/team/charles-alexander.html]
[allreview.webflow.io/team/sophie-jones.html]
[allreview.webflow.io/about.html]
[allreview.webflow.io/pricing.html]
[allreview.webflow.io/blog-post-category/guides.html]
[allreview.webflow.io/blog-post-category/tools.html]
[allreview.webflow.io/blog-post-category/features.html]
[allreview.webflow.io/post/tool-for-successful-content-marketing.html]
[allreview.webflow.io/post/how-to-recover-rakingns-if-you-are-impated-by-the-google-core-update.html]
[allreview.webflow.io/post/google-analytics-4-and-universal-analytics.html]
[allreview.webflow.io/post/theree-types-of-seo.html]
[allreview.webflow.io/blogb306.html]
[allreview.webflow.io/blog.html]
[allreview.webflow.io/contact.html]
[allreview.webflow.io/product/starter.html]
[allreview.webflow.io/product/basic.html]
[allreview.webflow.io/product/pro.html]
[allreview.webflow.io/pricing-older.html]
[allreview.webflow.io/utility-pages/start-here.html]
[allreview.webflow.io/utility-pages/styleguide.html]
[allreview.webflow.io/agb.html]
[allreview.webflow.io/utility-pages/changelog.html]
[allreview.webflow.io/checkout.html]
[allreview.webflow.io/register.html]
[allreview.webflow.io/login.html]
[allreview.webflow.io/integration/amazon.html]
[allreview.webflow.io/integration/ebay.html]
[allreview.webflow.io/integration/google.html]
[allreview.webflow.io/post/web-analytics-benefits-for-successful-seo.html]
[allreview.webflow.io/post/mobile-seo-vs-dekstop-seo.html]
[allreview.webflow.io/post/the-best-seo-practices-on-2021.html]
[allreview.webflow.io/impressum.html]
[allreview.webflow.io/zahlung-und-versand.html]
[allreview.webflow.io/widerrufsrecht.html]
[allreview.webflow.io/integration-category/e-commerce.html]
[allreview.webflow.io/integration-category/communcation.html]
[allreview.webflow.io/integration-category/blogging.html]
[allreview.webflow.io/integration-category/social-network.html]
[allreview.webflow.io/integration/instagram.html]
[allreview.webflow.io/integration/messenger.html]
[allreview.webflow.io/team/omer-hakan-olcerb040.html]
[allreview.webflow.io/team/omer-hakan-olcer.html]
[allreview.webflow.io/team/john-carter.html]
[allreview.webflow.io/team/amy-smith.html]
[allreview.webflow.io/team/will-newt.html]
[allreview.webflow.io/team/alex-carter.html]
[allreview.webflow.io/team/charles-alexander.html]
[allreview.webflow.io/team/sophie-jones.html]
[allreview.webflow.io/blog-post-category/guides.html]
[allreview.webflow.io/blog-post-category/tools.html]
[allreview.webflow.io/blog-post-category/features.html]
[allreview.webflow.io/post/tool-for-successful-content-marketing.html]
[allreview.webflow.io/post/how-to-recover-rakingns-if-you-are-impated-by-the-google-core-update.html]
[allreview.webflow.io/post/google-analytics-4-and-universal-analytics.html]
[allreview.webflow.io/post/theree-types-of-seo.html]
[allreview.webflow.io/blog4710.html]
[allreview.webflow.io/blogb306.html]
[allreview.webflow.io/product/starter.html]
[allreview.webflow.io/product/basic.html]
[allreview.webflow.io/product/pro.html]
[allreview.webflow.io/register.html]
[allreview.webflow.io/team/omer-hakan-olcer5268.html]
[allreview.webflow.io/team/omer-hakan-olcerb040.html]
[allreview.webflow.io/blog4710.html]
[allreview.webflow.io/team/omer-hakan-olcer5268.html]
